RUNTIME ERROR: TOML body must be an object. Got array
	testdata/builtin_manifestTomlEx_array.jsonnet:11:10-41	object <anonymous>
	Field "array"	
	During manifestation	

